// Jest Snapshot v1, https://goo.gl/fbAQLP

exports[`Loader should render the marvel logo. 1`] = `ShallowWrapper {}`;
